<html>
<body>
<pre>
<h1>µVision Build Log</h1>
<h2>Tool Versions:</h2>
IDE-Version: ÂµVision V5.29.0.0
Copyright (C) 2019 ARM Ltd and ARM Germany GmbH. All rights reserved.
License Information: Mohamed Ali, ST, LIC=----
 
Tool Versions:
Toolchain:       MDK-Lite  Version: 5.29.0.0
Toolchain Path:  C:\Keil_v5\ARM\ARMCC\Bin
C Compiler:      Armcc.exe V5.06 update 6 (build 750)
Assembler:       Armasm.exe V5.06 update 6 (build 750)
Linker/Locator:  ArmLink.exe V5.06 update 6 (build 750)
Library Manager: ArmAr.exe V5.06 update 6 (build 750)
Hex Converter:   FromElf.exe V5.06 update 6 (build 750)
CPU DLL:         SARMCM3.DLL V5.29.0.0
Dialog DLL:      DCM.DLL V1.17.3.0
Target DLL:      UL2CM3.DLL V1.163.0.0
Dialog DLL:      TCM.DLL V1.36.5.0
 
<h2>Project:</h2>
F:\Faculty\Embedd Course\ARM\FWD Course\Projects\Me\all files for keil\Led Control.uvprojx
Project File Date:  11/07/2022

<h2>Output:</h2>
*** Using Compiler 'V5.06 update 6 (build 750)', folder: 'C:\Keil_v5\ARM\ARMCC\Bin'
Rebuild target 'Target 1'
compiling main.c...
App\../MCAL/SysTick/../../LIBRARIES/STD_TYPES.h(28): warning:  #1-D: last line of file ends without a newline
  #endif /* STD_TYPES_H_ */
App\../MCAL/SysTick/../../LIBRARIES/BIT_MATH.h(18): warning:  #1-D: last line of file ends without a newline
  #endif /* BIT_MATH_H_ */
App\../MCAL/SysTick/SysTick.h(16): warning:  #1-D: last line of file ends without a newline
  #endif
App\../MCAL/GPIO/GPIO.h(77): warning:  #1-D: last line of file ends without a newline
  #endif
App\../MCAL/NVIC/NVIC.h(64): warning:  #1-D: last line of file ends without a newline
  #endif
App\main.c: 5 warnings, 0 errors
compiling SysTick.c...
MCAL\SysTick\../../LIBRARIES/STD_TYPES.h(28): warning:  #1-D: last line of file ends without a newline
  #endif /* STD_TYPES_H_ */
MCAL\SysTick\../../LIBRARIES/BIT_MATH.h(18): warning:  #1-D: last line of file ends without a newline
  #endif /* BIT_MATH_H_ */
MCAL\SysTick\SysTick.h(16): warning:  #1-D: last line of file ends without a newline
  #endif
MCAL\SysTick\SysTick.c: 3 warnings, 0 errors
compiling NVIC.c...
MCAL\NVIC\../../LIBRARIES/STD_TYPES.h(28): warning:  #1-D: last line of file ends without a newline
  #endif /* STD_TYPES_H_ */
MCAL\NVIC\../../LIBRARIES/BIT_MATH.h(18): warning:  #1-D: last line of file ends without a newline
  #endif /* BIT_MATH_H_ */
MCAL\NVIC\NVIC.h(64): warning:  #1-D: last line of file ends without a newline
  #endif
MCAL\NVIC\NVIC.c(150): warning:  #1-D: last line of file ends without a newline
  */
MCAL\NVIC\NVIC.c: 4 warnings, 0 errors
compiling GPIO.c...
MCAL\GPIO\../../LIBRARIES/STD_TYPES.h(28): warning:  #1-D: last line of file ends without a newline
  #endif /* STD_TYPES_H_ */
MCAL\GPIO\GPIO.h(77): warning:  #1-D: last line of file ends without a newline
  #endif
MCAL\GPIO\../../LIBRARIES/BIT_MATH.h(18): warning:  #1-D: last line of file ends without a newline
  #endif /* BIT_MATH_H_ */
MCAL\GPIO\GPIO.c(278): warning:  #940-D: missing return statement at end of non-void function "GPIO_pin_EN_interrupt" 
  }
MCAL\GPIO\GPIO.c(314): warning:  #111-D: statement is unreachable
      return GPIO_OK;
MCAL\GPIO\GPIO.c(350): warning:  #1-D: last line of file ends without a newline
  }
MCAL\GPIO\GPIO.c: 6 warnings, 0 errors
assembling startup_TM4C123.s...
compiling system_TM4C123.c...
linking...
Program Size: Code=3300 RO-data=652 RW-data=32 ZI-data=608  
".\Objects\Led Control.axf" - 0 Error(s), 18 Warning(s).

<h2>Software Packages used:</h2>

Package Vendor: ARM
                http://www.keil.com/pack/ARM.CMSIS.5.9.0.pack
                ARM.CMSIS.5.9.0
                CMSIS (Common Microcontroller Software Interface Standard)
   * Component: CORE Version: 5.6.0

Package Vendor: Keil
                http://www.keil.com/pack/Keil.TM4C_DFP.1.1.0.pack
                Keil.TM4C_DFP.1.1.0
                Texas Instruments Tiva C Series Device Support and Examples
   * Component: Startup Version: 1.0.1

<h2>Collection of Component include folders:</h2>
  .\RTE\_Target_1
  C:\Users\moham\AppData\Local\Arm\Packs\ARM\CMSIS\5.9.0\CMSIS\Core\Include
  C:\Users\moham\AppData\Local\Arm\Packs\Keil\TM4C_DFP\1.1.0\Device\Include\TM4C123

<h2>Collection of Component Files used:</h2>

   * Component: ARM::CMSIS:CORE:5.6.0

   * Component: Keil::Device:Startup:1.0.1
      Source file:   Device\Source\ARM\startup_TM4C123.s
      Include file:  Device\Include\TM4C123\TM4C123.h
      Source file:   Device\Source\system_TM4C123.c
Build Time Elapsed:  00:00:02
</pre>
</body>
</html>
